// Vitest Snapshot v1, https://vitest.dev/guide/snapshot.html

exports[`HelpBox > should match snapshot 1`] = `
<DocumentFragment>
  <button
    class="sc-beySPh zbkUW sc-guDLey sc-dmyCSP sc-irLvIq kHwwsn dHdhmG ddLmsq"
    type="button"
  >
    <svg
      class="sc-eDLKkx fuXsHX"
      fill="#435049"
      role="img"
    >
      <title>
        login-box-fill
      </title>
      <use
        href="http://localhost:3000/src/assets/icons.svg#login-box-fill"
      />
    </svg>
    <div
      class="sc-gLLuof duvPCK"
    >
      signinPage.help
    </div>
  </button>
</DocumentFragment>
`;
