// Vitest Snapshot v1, https://vitest.dev/guide/snapshot.html

exports[`AuthButtons > should match snapshot 1`] = `
<DocumentFragment>
  <div
    class="sc-guDLey sc-kFCroH kHwwsn hqTKnQ"
  >
    <button
      class="sc-beySPh zbkUW"
      type="button"
    >
      <svg
        class="sc-eDLKkx fuXsHX"
        fill="currentColor"
        role="img"
      >
        <title>
          google-fill
        </title>
        <use
          href="http://localhost:3000/src/assets/icons.svg#google-fill"
        />
      </svg>
    </button>
    <button
      class="sc-beySPh zbkUW"
      type="button"
    >
      <svg
        class="sc-eDLKkx fuXsHX"
        fill="currentColor"
        role="img"
      >
        <title>
          facebook-fill
        </title>
        <use
          href="http://localhost:3000/src/assets/icons.svg#facebook-fill"
        />
      </svg>
    </button>
    <button
      class="sc-beySPh zbkUW"
      type="button"
    >
      <svg
        class="sc-eDLKkx fuXsHX"
        fill="currentColor"
        role="img"
      >
        <title>
          twitter-fill
        </title>
        <use
          href="http://localhost:3000/src/assets/icons.svg#twitter-fill"
        />
      </svg>
    </button>
  </div>
</DocumentFragment>
`;
