// Vitest Snapshot v1, https://vitest.dev/guide/snapshot.html

exports[`Separator > should match snapshot 1`] = `
<DocumentFragment>
  <div
    class="sc-guDLey sc-irLvIq kHwwsn jDqJij"
    role="separator"
  >
    <hr
      class="sc-kFCroH bIVWxK"
      role="none"
    />
    <div
      class="sc-gLLuof fyoZns"
    >
      signinPage.auths
    </div>
    <hr
      class="sc-kFCroH bIVWxK"
      role="none"
    />
  </div>
</DocumentFragment>
`;
