// Vitest Snapshot v1, https://vitest.dev/guide/snapshot.html

exports[`Separator > should match snapshot 1`] = `
<DocumentFragment>
  <div
    class="sc-guDLey sc-csKJxZ kHwwsn lmZwby"
    role="separator"
  >
    <hr
      class="sc-irLvIq hHRSQk"
      role="none"
    />
    <div
      class="sc-iBdnpw dhzxuB"
    >
      signinPage.auths
    </div>
    <hr
      class="sc-irLvIq hHRSQk"
      role="none"
    />
  </div>
</DocumentFragment>
`;
