// Vitest Snapshot v1, https://vitest.dev/guide/snapshot.html

exports[`Navbar > should match snapshot 1`] = `
<DocumentFragment>
  <nav
    class="sc-khjJXk ePvOwI"
  >
    <button
      aria-label="Return to homepage"
      class="sc-beySPh sc-hABBmJ zbkUW lpbBM"
      type="button"
    />
    <div
      class="sc-guDLey sc-dmXWDj kHwwsn jvMJci"
    >
      <form>
        <button
          class="sc-beySPh sc-eTNRI zbkUW chmNhj sc-ktwOfi eXUhpo"
          type="button"
        >
          <svg
            class="sc-jTQCzO ldKJNf"
            fill="currentColor"
            role="img"
          >
            <title>
              menu-search-line
            </title>
            <use
              href="http://localhost:3000/src/assets/icons.svg#menu-search-line"
            />
          </svg>
        </button>
      </form>
      <button
        class="sc-beySPh sc-eTNRI zbkUW chmNhj"
        type="button"
      >
        <svg
          class="sc-jTQCzO ldKJNf"
          fill="currentColor"
          role="img"
        >
          <title>
            user-line
          </title>
          <use
            href="http://localhost:3000/src/assets/icons.svg#user-line"
          />
        </svg>
      </button>
      <button
        class="sc-beySPh sc-eTNRI zbkUW chmNhj"
        name="settingsButton"
        type="button"
      >
        <svg
          class="sc-jTQCzO ldKJNf"
          fill="currentColor"
          role="img"
        >
          <title>
            equalizer-line
          </title>
          <use
            href="http://localhost:3000/src/assets/icons.svg#equalizer-line"
          />
        </svg>
      </button>
    </div>
  </nav>
</DocumentFragment>
`;
