// Vitest Snapshot v1, https://vitest.dev/guide/snapshot.html

exports[`DisplayWarning > should match snapshot 1`] = `
<DocumentFragment>
  <div
    class="sc-guDLey sc-kFCroH kHwwsn bkPqmz"
    role="status"
  >
    <svg
      class="sc-eDLKkx kBnHHP"
      fill="#435049"
      role="img"
    >
      <title>
        phone-fill
      </title>
      <use
        href="http://localhost:3000/src/assets/icons.svg#phone-fill"
      />
    </svg>
    <div
      class="sc-gLLuof dNuHMN"
    >
      displayWarning
    </div>
  </div>
</DocumentFragment>
`;
