// Vitest Snapshot v1, https://vitest.dev/guide/snapshot.html

exports[`Pagination > should match snapshot 1`] = `
<DocumentFragment>
  <button
    class="sc-beySPh sc-irLvIq zbkUW kNKvsb"
    type="button"
  />
  <button
    class="sc-beySPh sc-irLvIq zbkUW kNKvsb"
    type="button"
  />
  <button
    class="sc-beySPh sc-irLvIq zbkUW kNKvsb"
    type="button"
  />
  <button
    class="sc-beySPh sc-irLvIq zbkUW kNKvsb"
    type="button"
  />
</DocumentFragment>
`;
