// Vitest Snapshot v1, https://vitest.dev/guide/snapshot.html

exports[`SliderButton > should match snapshot 1`] = `
<DocumentFragment>
  <button
    class="sc-beySPh sc-irLvIq zbkUW fEWcSo react-draggable"
    style="transform: translate(undefinedpx,0px);"
    type="button"
  >
    <svg
      class="sc-jTQCzO ldKJNf"
      fill="currentColor"
      role="img"
    >
      <title>
        arrow-left-fill
      </title>
      <use
        href="http://localhost:3000/src/assets/icons.svg#arrow-left-fill"
      />
    </svg>
    <svg
      class="sc-jTQCzO ldKJNf"
      fill="currentColor"
      role="img"
    >
      <title>
        arrow-right-fill
      </title>
      <use
        href="http://localhost:3000/src/assets/icons.svg#arrow-right-fill"
      />
    </svg>
  </button>
</DocumentFragment>
`;
