// Vitest Snapshot v1, https://vitest.dev/guide/snapshot.html

exports[`SigninBox > should match snapshot 1`] = `
<DocumentFragment>
  <div
    class="sc-guDLey sc-dmyCSP sc-blmEgr kHwwsn gVwHLx fIEBkl"
  >
    <div
      class="sc-guDLey sc-brSamD kHwwsn fJKiWp"
    >
      <div
        class="sc-gLLuof kZkuLk"
      >
        signinPage.title
      </div>
      <div
        class="sc-gLLuof gHTNhf"
      >
        signinPage.credentials
      </div>
    </div>
    <form
      class="sc-fHejqy cMecfl"
      role="form"
    >
      <div
        class="sc-guDLey sc-hABBmJ kHwwsn jomkDL"
      >
        <label
          for="email"
          hidden=""
        >
          forms.email
        </label>
        <input
          autocomplete="email"
          class="sc-ktwOfi lbIkZd"
          data-tooltip-id="email"
          id="email"
          name="email"
          placeholder="forms.email"
          type="email"
        />
        <svg
          class="sc-eDLKkx fuXsHX"
          fill="#435049"
          role="img"
        >
          <title>
            at-fill
          </title>
          <use
            href="http://localhost:3000/src/assets/icons.svg#at-fill"
          />
        </svg>
      </div>
      <div
        class="sc-guDLey sc-hABBmJ kHwwsn jomkDL"
      >
        <label
          for="password"
          hidden=""
        >
          forms.current-password
        </label>
        <input
          autocomplete="current-password"
          class="sc-ktwOfi kXHIUs"
          data-tooltip-id="password"
          id="password"
          name="current-password"
          placeholder="forms.current-password"
          type="password"
        />
        <svg
          class="sc-eDLKkx fuXsHX"
          fill="#435049"
          role="img"
        >
          <title>
            key-fill
          </title>
          <use
            href="http://localhost:3000/src/assets/icons.svg#key-fill"
          />
        </svg>
      </div>
      <button
        class="sc-beySPh jLMfrb"
        type="submit"
      >
        <div
          class="sc-gLLuof kEDizj"
        >
          signinPage.signin
        </div>
      </button>
    </form>
    <div
      class="sc-guDLey sc-csKJxZ kHwwsn dyIUBv"
      role="separator"
    >
      <hr
        class="sc-irLvIq hHRSQk"
        role="none"
      />
      <div
        class="sc-gLLuof gHTNhf"
      >
        signinPage.auths
      </div>
      <hr
        class="sc-irLvIq hHRSQk"
        role="none"
      />
    </div>
    <div
      class="sc-guDLey sc-eTNRI kHwwsn bwweEz"
    >
      <button
        class="sc-beySPh nsmIf"
        type="button"
      >
        <svg
          class="sc-eDLKkx fuXsHX"
          fill="currentColor"
          role="img"
        >
          <title>
            google-fill
          </title>
          <use
            href="http://localhost:3000/src/assets/icons.svg#google-fill"
          />
        </svg>
      </button>
      <button
        class="sc-beySPh nsmIf"
        type="button"
      >
        <svg
          class="sc-eDLKkx fuXsHX"
          fill="currentColor"
          role="img"
        >
          <title>
            facebook-fill
          </title>
          <use
            href="http://localhost:3000/src/assets/icons.svg#facebook-fill"
          />
        </svg>
      </button>
      <button
        class="sc-beySPh nsmIf"
        type="button"
      >
        <svg
          class="sc-eDLKkx fuXsHX"
          fill="currentColor"
          role="img"
        >
          <title>
            twitter-fill
          </title>
          <use
            href="http://localhost:3000/src/assets/icons.svg#twitter-fill"
          />
        </svg>
      </button>
    </div>
  </div>
</DocumentFragment>
`;
