// Vitest Snapshot v1, https://vitest.dev/guide/snapshot.html

exports[`SigninForm > should match snapshot 1`] = `
<DocumentFragment>
  <form
    class="sc-eTNRI gkGkaI"
    role="form"
  >
    <div
      class="sc-guDLey sc-irLvIq kHwwsn bHzjpc"
    >
      <label
        for="email"
        hidden=""
      >
        forms.email
      </label>
      <input
        autocomplete="email"
        class="sc-kFCroH kdoZoe"
        data-tooltip-id="email"
        id="email"
        name="email"
        placeholder="forms.email"
        type="email"
      />
      <svg
        class="sc-eDLKkx fuXsHX"
        fill="#435049"
        role="img"
      >
        <title>
          at-fill
        </title>
        <use
          href="http://localhost:3000/src/assets/icons.svg#at-fill"
        />
      </svg>
    </div>
    <div
      class="sc-guDLey sc-irLvIq kHwwsn bHzjpc"
    >
      <label
        for="password"
        hidden=""
      >
        forms.current-password
      </label>
      <input
        autocomplete="current-password"
        class="sc-kFCroH gCiziP"
        data-tooltip-id="password"
        id="password"
        name="current-password"
        placeholder="forms.current-password"
        type="password"
      />
      <svg
        class="sc-eDLKkx fuXsHX"
        fill="#435049"
        role="img"
      >
        <title>
          key-fill
        </title>
        <use
          href="http://localhost:3000/src/assets/icons.svg#key-fill"
        />
      </svg>
    </div>
    <button
      class="sc-beySPh jLMfrb"
      type="submit"
    >
      <div
        class="sc-gLLuof kEDizj"
      >
        signinPage.signin
      </div>
    </button>
  </form>
</DocumentFragment>
`;
