// Vitest Snapshot v1, https://vitest.dev/guide/snapshot.html

exports[`ExploreDropdown > should match snapshot 1`] = `
<DocumentFragment>
  <div
    class="sc-guDLey sc-dmyCSP sc-hLQSwg sc-kFCroH kHwwsn fkKYEp lgqhfG bcZcDb"
    tabindex="0"
  >
    <div
      class="sc-gLLuof dcSHkq"
    >
      forms.explore
    </div>
  </div>
</DocumentFragment>
`;
