// Vitest Snapshot v1, https://vitest.dev/guide/snapshot.html

exports[`SignupModal > should match snapshot 1`] = `
<DocumentFragment>
  <div
    class="sc-guDLey sc-kFCroH sc-blmEgr kHwwsn cZKACD IbSiZ"
    role="grid"
  >
    <div
      class="sc-guDLey sc-dmyCSP sc-ifyrAs kHwwsn fkKYEp uzUSZ"
      role="dialog"
    >
      <button
        class="sc-beySPh zbkUW"
        type="button"
      >
        <svg
          class="sc-eDLKkx kBnHHP"
          fill="currentColor"
          role="img"
        >
          <title>
            close-large
          </title>
          <use
            href="http://localhost:3000/src/assets/icons.svg#close-large"
          />
        </svg>
      </button>
      <div
        class="sc-guDLey sc-dJGMql kHwwsn kFqbDj"
      >
        <div
          class="sc-gLLuof hnPDDY"
        >
          signupModal.title
        </div>
        <div
          class="sc-gLLuof fyoZns"
        >
          signupModal.subtitle
        </div>
      </div>
      <form
        class="sc-fmKFGs iMNvzB"
        role="form"
      >
        <div
          class="sc-guDLey sc-fHejqy kHwwsn jvnvBG"
        >
          <div
            class="sc-gLLuof jmevau"
          >
            forms.email
          </div>
          <div
            class="sc-guDLey sc-ktwOfi kHwwsn ecTIsN"
          >
            <label
              for="email"
              hidden=""
            >
              forms.email
            </label>
            <input
              autocomplete="email"
              class="sc-brSamD fskSZa"
              data-tooltip-id="email"
              id="email"
              name="email"
              placeholder="forms.email"
              type="email"
            />
            <svg
              class="sc-eDLKkx kBnHHP"
              fill="#435049"
              role="img"
            >
              <title>
                at-fill
              </title>
              <use
                href="http://localhost:3000/src/assets/icons.svg#at-fill"
              />
            </svg>
          </div>
        </div>
        <div
          class="sc-guDLey sc-fHejqy kHwwsn jvnvBG"
        >
          <div
            class="sc-gLLuof jmevau"
          >
            forms.new-password
          </div>
          <div
            class="sc-guDLey sc-ktwOfi kHwwsn ecTIsN"
          >
            <label
              for="password"
              hidden=""
            >
              forms.new-password
            </label>
            <input
              autocomplete="new-password"
              class="sc-brSamD iAHoYb"
              data-tooltip-id="password"
              id="password"
              name="new-password"
              placeholder="forms.new-password"
              type="password"
            />
            <svg
              class="sc-eDLKkx kBnHHP"
              fill="#435049"
              role="img"
            >
              <title>
                key-fill
              </title>
              <use
                href="http://localhost:3000/src/assets/icons.svg#key-fill"
              />
            </svg>
          </div>
        </div>
        <button
          class="sc-beySPh zbkUW"
          type="submit"
        >
          <div
            class="sc-gLLuof ldUHqL"
          >
            forms.continue
          </div>
        </button>
      </form>
      <div
        class="sc-guDLey sc-eTNRI kHwwsn jVeJPO"
        role="separator"
      >
        <hr
          class="sc-csKJxZ hOxJoW"
          role="none"
        />
        <div
          class="sc-gLLuof fyoZns"
        >
          signinPage.auths
        </div>
        <hr
          class="sc-csKJxZ hOxJoW"
          role="none"
        />
      </div>
      <div
        class="sc-guDLey sc-irLvIq kHwwsn bdPjGM"
      >
        <button
          class="sc-beySPh zbkUW"
          type="button"
        >
          <svg
            class="sc-eDLKkx kBnHHP"
            fill="currentColor"
            role="img"
          >
            <title>
              google-fill
            </title>
            <use
              href="http://localhost:3000/src/assets/icons.svg#google-fill"
            />
          </svg>
        </button>
        <button
          class="sc-beySPh zbkUW"
          type="button"
        >
          <svg
            class="sc-eDLKkx kBnHHP"
            fill="currentColor"
            role="img"
          >
            <title>
              facebook-fill
            </title>
            <use
              href="http://localhost:3000/src/assets/icons.svg#facebook-fill"
            />
          </svg>
        </button>
        <button
          class="sc-beySPh zbkUW"
          type="button"
        >
          <svg
            class="sc-eDLKkx kBnHHP"
            fill="currentColor"
            role="img"
          >
            <title>
              twitter-fill
            </title>
            <use
              href="http://localhost:3000/src/assets/icons.svg#twitter-fill"
            />
          </svg>
        </button>
      </div>
    </div>
  </div>
</DocumentFragment>
`;
